Running command: python make_SuppTab3.py ref_aligned
[+0.0s, mem=80MB] Incompatible allele rows will be written to supplementary_table_3_ref_aligned_incompatible.tsv
[1/6] Loading FEMA meta-analysis...
  Loaded FEMA from cohort_sumstats/METAL_hbf_inv_ALL_info6_mac40_SE_gcOn_hg38.tsv.gz: 21849438 rows x 17 cols (mem=13509MB)
  [+136.5s, mem=13.19GB] FEMA rows with P < 1e-300: 23
MarkerName	Chr	Position	A1	A2	P_RAW	P_META_log10p
rs13019832	2	60483436.0	G	A	1.92e-326	325.7166987712965
rs1427407	2	60490908.0	G	T	2.33e-350	349.63264407897395
rs766432	2	60492835.0	C	A	8.29e-343	342.0814454694497
rs4671393	2	60493816.0	G	A	1.00e-343	343.0
rs1896295	2	60496951.0	C	T	1.44e-301	300.84163750790475
rs7606173	2	60498316.0	G	C	1.70e-332	331.7695510786217
rs9399136	6	135081201.0	C	T	1.72e-401	400.76447155309245
rs1331309	6	135085040.0	G	T	2.54e-346	345.5951662833801
rs9376090	6	135090090.0	C	T	2.52e-413	412.59859945921846
rs7776054	6	135097778.0	G	A	2.11e-414	413.6757175447023
rs11759553	6	135101158.0	T	A	1.41e-371	370.8507808873446
rs9373124	6	135102071.0	C	T	1.64e-361	360.7851561519523
rs35959442	6	135103041.0	G	C	1.56e-376	375.8068754016455
rs4895440	6	135105420.0	T	A	1.89e-375	374.72353819582673
rs4895441	6	135105435.0	G	A	2.52e-411	410.59859945921846
rs9376092	6	135106006.0	C	A	2.81e-386	385.55129368009494
rs9389269	6	135106021.0	C	T	9.76e-426	425.0105501823333
rs9402686	6	135106679.0	G	A	3.02e-426	425.5199930570428
rs7758845	6	135107399.0	C	A	1.15e-371	370.9393021596464
rs6920211	6	135110180.0	C	T	1.50e-340	339.8239087409443
rs9494142	6	135110502.0	C	T	6.75e-378	377.170696227169
rs9494145	6	135111414.0	C	T	9.93e-357	356.00305075150465
rs9483788	6	135114363.0	C	T	2.40e-337	336.6197887582884
  [+159.6s, mem=13.19GB] FEMA loaded: 21849438 rows x 14 cols
  [+159.6s, mem=13.19GB] FEMA rows with ambiguous coordinates: 55487
[+165.7s, mem=13.19GB] [2/6] Loading and merging BIOS panels...
  Loaded BIOS from cohort_sumstats/BIOS_LL_chrALL_MAF0p1pct_hg38_info6.clean.tsv.gz: 5034403 rows x 20 cols (mem=13509MB)
  [+218.0s, mem=13.19GB] Loaded BIOS LL: 5034403 rows x 12 cols
    BIOS_LL: matched=5043267, same=2789264, swapped=2252487, incompatible=1516, recovered_by_rsid=9234, unmatched=16806171, mem=27929MB
  [+342.8s, mem=27.27GB] Merged BIOS LL
  Loaded BIOS from cohort_sumstats/BIOS_LLS_660Q_chrALL_MAF0p1pct_hg38_info6.clean.tsv.gz: 4644635 rows x 20 cols (mem=27929MB)
  [+391.9s, mem=27.27GB] Loaded BIOS LLS_660Q: 4644635 rows x 12 cols
    BIOS_LLS: matched=4653353, same=2563886, swapped=2087775, incompatible=1692, recovered_by_rsid=416, unmatched=17196085, mem=32904MB
  [+519.5s, mem=32.13GB] Merged BIOS LLS_660Q
  Loaded BIOS from cohort_sumstats/BIOS_RS_chrALL_MAF0p1pct_hg38_info6.clean.tsv.gz: 5101860 rows x 20 cols (mem=32904MB)
  [+574.0s, mem=32.13GB] Loaded BIOS RS: 5101860 rows x 12 cols
    BIOS_RS: matched=5110865, same=2828508, swapped=2280730, incompatible=1627, recovered_by_rsid=257, unmatched=16738573, mem=38266MB
  [+714.5s, mem=37.37GB] Merged BIOS RS
[+714.9s, mem=37.37GB] [3/6] Loading and merging remaining cohorts...
  Loaded GTEx from cohort_sumstats/GTEx_chrALL_MAF0p1pct_hg38_info6.clean.tsv.gz: 4651929 rows x 14 cols (mem=38266MB)
  [+750.0s, mem=37.37GB] Loaded GTEx: 4651929 rows x 12 cols
    GTEx: matched=4657449, same=2445696, swapped=2211520, incompatible=233, recovered_by_rsid=3381, unmatched=17191989, mem=43022MB
  [+899.5s, mem=42.01GB] Merged GTEx
  Loaded Sardinia from cohort_sumstats/Sardinia_chrALL_MAF0p1pct_hg38_info6.clean.tsv.gz: 8775956 rows x 14 cols (mem=43022MB)
  [+974.4s, mem=42.01GB] Loaded Sardinia: 8775956 rows x 12 cols
    SARDINIA: matched=8799090, same=4821066, swapped=3975269, incompatible=2755, recovered_by_rsid=18427, unmatched=13050348, mem=50474MB
  [+1144.0s, mem=49.29GB] Merged Sardinia
  Loaded Sweden from cohort_sumstats/Sweden_chrALL_MAF0p1pct_hg38_info6.clean.tsv.gz: 6277626 rows x 19 cols (mem=50474MB)
  [+1206.1s, mem=49.29GB] Loaded Sweden: 6277626 rows x 12 cols
    SWEDEN: matched=6297543, same=3505861, swapped=2789851, incompatible=1831, recovered_by_rsid=3967, unmatched=15551895, mem=53922MB
  [+1359.1s, mem=52.66GB] Merged Sweden
  Loaded Interval from cohort_sumstats/Interval_chrALL_MAF0p1pct_hg38_info6_pass-z-check.clean.tsv.gz: 7788658 rows x 14 cols (mem=53922MB)
  [+1408.2s, mem=52.66GB] Loaded Interval: 7788658 rows x 12 cols
    INTERVAL: matched=7813992, same=4218470, swapped=3592677, incompatible=2845, recovered_by_rsid=4965, unmatched=14035446, mem=59864MB
  [+1569.6s, mem=58.46GB] Merged Interval
  Loaded Tanzania from cohort_sumstats/Tanzania_chrALL_MAF0p1pct_hg38_info6.clean.tsv.gz: 17594066 rows x 16 cols (mem=59864MB)
  [+1731.6s, mem=58.46GB] Loaded Tanzania: 17594066 rows x 12 cols
    TANZANIA: matched=17624880, same=9884418, swapped=7735451, incompatible=5011, recovered_by_rsid=2984, unmatched=4224558, mem=70846MB
  [+1933.8s, mem=69.19GB] Merged Tanzania
  Loaded StJude from cohort_sumstats/StJude_chrALL_MAF0p1pct_hg38_info6_se-cap-10.clean.tsv.gz: 9515453 rows x 17 cols (mem=70846MB)
  [+2000.7s, mem=69.19GB] Loaded StJude: 9515453 rows x 12 cols
    StJude: matched=9535209, same=5332993, swapped=4198585, incompatible=3631, recovered_by_rsid=11593, unmatched=12314229, mem=70846MB
  [+2180.2s, mem=69.19GB] Merged StJude
  Loaded TOPMed from cohort_sumstats/TOPMed_chrALL_MAF0p1pct_hg38_info6.clean.tsv.gz: 11683427 rows x 18 cols (mem=70846MB)
  [+2281.3s, mem=69.19GB] Loaded TOPMed: 11683427 rows x 12 cols
    TOPMED: matched=11703212, same=6604037, swapped=5095657, incompatible=3518, recovered_by_rsid=41, unmatched=10146226, mem=77218MB
  [+2449.1s, mem=75.41GB] Merged TOPMed
  Loaded Thai from cohort_sumstats/Thai_chrALL_MAF0p1pct_hg38_info6.clean.tsv.gz: 6174336 rows x 15 cols (mem=77218MB)
  [+2502.4s, mem=75.41GB] Loaded Thai: 6174336 rows x 12 cols
    THAI: matched=6185015, same=3313386, swapped=2869063, incompatible=2566, recovered_by_rsid=222, unmatched=15664423, mem=78878MB
  [+2656.2s, mem=77.03GB] Merged Thai
[+2656.5s, mem=77.03GB] [4/6] Loading and merging MAMA cohorts...
  Loaded MAMA from MAMA/XC_SNPaligned_16865_EUR_HBF.res.gz: 3760527 rows x 12 cols (mem=78878MB)
  [+2685.3s, mem=77.03GB] Loaded MAMA EUR: 3760527 rows x 11 cols
    EUR_MAMA: matched=3762632, same=1993993, swapped=1767724, incompatible=915, recovered_by_rsid=0, unmatched=18086806, mem=82233MB
  [+2803.3s, mem=80.31GB] Merged MAMA EUR
  Loaded MAMA from MAMA/XC_SNPaligned_16865_AFR_HBF.res.gz: 3760527 rows x 12 cols (mem=82233MB)
  [+2832.1s, mem=80.31GB] Loaded MAMA AFR: 3760527 rows x 11 cols
    AFR_MAMA: matched=3762632, same=1993993, swapped=1767724, incompatible=915, recovered_by_rsid=0, unmatched=18086806, mem=87232MB
  [+2948.3s, mem=85.19GB] Merged MAMA AFR
  Loaded MAMA from MAMA/XC_SNPaligned_16865_THAI_HBF.res.gz: 3760527 rows x 12 cols (mem=87232MB)
  [+2979.7s, mem=85.19GB] Loaded MAMA THAI: 3760527 rows x 11 cols
    THAI_MAMA: matched=3762632, same=1993993, swapped=1767724, incompatible=915, recovered_by_rsid=0, unmatched=18086806, mem=92233MB
  [+3100.6s, mem=90.07GB] Merged MAMA THAI
[+3103.6s, mem=90.07GB] Wrote ambiguous FEMA coordinate audit: 55487 rows, 55487 with recovered CHR/BP
[+3103.6s, mem=90.07GB] [5/6] Post-merge filtering and summary...
  [+3109.7s, mem=90.07GB] Filtered significant SNPs (log10p > 6.00): 21849438 -> 2193
  [+3109.7s, mem=90.07GB] Filtered SNPs with non-single-nucleotide alleles: 2193 -> 2193
  [+3109.7s, mem=90.07GB] Filtered non-integer chromosomes: 2193 -> 2193
[+3109.7s, mem=90.07GB] Aligning alleles to reference genome (/lab-share/Hem-Sankaran-e2/Public/ref_genomes/human/hg38/hg38.fa)...
  REF_FA alignment: 0 SNPs matched neither allele and were dropped
  [+3109.9s, mem=90.07GB] Aligned to REF_FA: 2193 -> 2193
[+3110.0s, mem=90.07GB] Done. Supplementary Table 3 (with NAs) written: 2193 SNPs with -log10P values
  [+3110.0s, mem=90.07GB] Filtered SNPs with missing MAMA data: 2193 -> 976
Chromosome 2: 240 SNPs
Chromosome 5: 2 SNPs
Chromosome 6: 434 SNPs
Chromosome 11: 188 SNPs
Chromosome 13: 1 SNPs
Chromosome 17: 42 SNPs
Chromosome 19: 69 SNPs
Overall: 976 SNPs (mem=92233MB)
[+3110.0s, mem=90.07GB] [6/6] Writing output file...
[+3110.1s, mem=90.07GB] Done. Supplementary Table 3 written: 976 SNPs (all P values converted to -log10P)
JobID                               JobName  Partition    Account  AllocCPUS      State ExitCode    Elapsed     MaxRSS 
------------ ------------------------------ ---------- ---------- ---------- ---------- -------- ---------- ---------- 
23809565                            fix_ST3 bch-compu+        bch          2    RUNNING      0:0   00:52:55            
23809565.ba+                          batch                   bch          2    RUNNING      0:0   00:52:55            
23809565.ex+                         extern                   bch          2    RUNNING      0:0   00:52:55            
