
[+0.0s] Incompatible allele rows will be written to supplementary_table_3_incompatible.tsv
[1/6] Loading FEMA meta-analysis...
  Loaded FEMA from cohort_sumstats/FEMA_CloudTanz_METALOUT_inv_1.tbl: 28621470 rows x 13 cols
  [+63.6s] FEMA loaded: 28621470 rows x 8 cols
[+66.3s] [2/6] Loading and merging MAMA cohorts...
  Loaded MAMA from cohort_sumstats/UA_HBF_MAMA_EUR.res: 3609385 rows x 12 cols
  [+74.6s] Loaded MAMA EUR: 3609385 rows x 10 cols
    EUR_MAMA: matched=3617284, same=1910740, swapped=1706428, incompatible=116, unmatched=25004186
  [+138.5s] Merged MAMA EUR
  Loaded MAMA from cohort_sumstats/UA_HBF_MAMA_AFR.res: 3609385 rows x 12 cols
  [+146.7s] Loaded MAMA AFR: 3609385 rows x 10 cols
    AFR_MAMA: matched=3617284, same=1910740, swapped=1706428, incompatible=116, unmatched=25004186
  [+214.6s] Merged MAMA AFR
  Loaded MAMA from cohort_sumstats/UA_HBF_MAMA_THAI.res: 3609385 rows x 12 cols
  [+222.8s] Loaded MAMA THAI: 3609385 rows x 10 cols
    THAI_MAMA: matched=3617284, same=1910740, swapped=1706428, incompatible=116, unmatched=25004186
  [+292.8s] Merged MAMA THAI
[+293.0s] [3/6] Loading and merging BIOS panels...
  Loaded BIOS from cohort_sumstats/BIOS_LL_chrALL_INFO6_MAF0p1pct_hg38.tsv: 11298757 rows x 18 cols
  [+333.0s] Loaded BIOS LL: 11298757 rows x 11 cols
    BIOS_LL: matched=11316930, same=4992770, swapped=6319173, incompatible=4987, unmatched=17304747
  [+428.1s] Merged BIOS LL
  Loaded BIOS from cohort_sumstats/BIOS_LLS_660Q_chrALL_INFO6_MAF0p1pct_hg38.tsv: 11053128 rows x 18 cols
  [+467.5s] Loaded BIOS LLS_660Q: 11053128 rows x 11 cols
    BIOS_LLS: matched=11071700, same=4898209, swapped=6168278, incompatible=5213, unmatched=17550286
  [+570.2s] Merged BIOS LLS_660Q
  Loaded BIOS from cohort_sumstats/BIOS_RS_chrALL_INFO6_MAF0p1pct_hg38.tsv: 12242653 rows x 18 cols
  [+617.5s] Loaded BIOS RS: 12242653 rows x 11 cols
    BIOS_RS: matched=12262321, same=5386476, swapped=6869950, incompatible=5895, unmatched=16360299
  [+721.3s] Merged BIOS RS
[+721.8s] [4/6] Loading and merging remaining cohorts...
  Loaded GTEx from cohort_sumstats/GTEx_chrALL_MAF0p1pct_hg38.tsv: 4651929 rows x 13 cols
  [+731.1s] Loaded GTEx: 4651929 rows x 11 cols
    GTEx: matched=4687852, same=2212155, swapped=2446318, incompatible=29379, unmatched=23934768
  [+814.2s] Merged GTEx
  Loaded Sardinia from cohort_sumstats/Sardinia_chrALL_MAF0p1pct_hg38.tsv: 8776049 rows x 13 cols
  [+834.4s] Loaded Sardinia: 8776049 rows x 11 cols
    SARDINIA: matched=8804661, same=3977552, swapped=4823453, incompatible=3656, unmatched=19818001
  [+937.2s] Merged Sardinia
  Loaded Sweden from cohort_sumstats/Sweden_chrALL_MAF0p1pct_hg38.tsv: 7787483 rows x 17 cols
  [+957.9s] Loaded Sweden: 7787483 rows x 11 cols
    SWEDEN: matched=7825266, same=3575888, swapped=4244602, incompatible=4776, unmatched=20799734
  [+1061.8s] Merged Sweden
  Loaded Interval from cohort_sumstats/Interval_chrALL_MAF0p1pct_hg38.tsv: 7788920 rows x 13 cols
  [+1074.9s] Loaded Interval: 7788920 rows x 11 cols
    INTERVAL: matched=7821036, same=3594883, swapped=4220833, incompatible=5320, unmatched=20803978
  [+1180.3s] Merged Interval
  Loaded Tanzania from cohort_sumstats/Tanzania_chrALL_MAF0p1pct_hg38.tsv: 19168288 rows x 15 cols
  [+1226.9s] Loaded Tanzania: 19168288 rows x 11 cols
    TANZANIA: matched=20192868, same=8737522, swapped=11368996, incompatible=86350, unmatched=9434631
  [+1371.6s] Merged Tanzania
  Loaded StJude from cohort_sumstats/StJude_chrALL_MAF0p1pct_hg38.tsv: 14239010 rows x 15 cols
  [+1398.8s] Loaded StJude: 14239010 rows x 11 cols
    StJude: matched=14305663, same=6406626, swapped=7890852, incompatible=8185, unmatched=15427678
  [+1531.9s] Merged StJude
  Loaded TOPMed from cohort_sumstats/TOPMed_chrALL_MAF0p1pct_hg38.tsv: 16488576 rows x 16 cols
  [+1569.5s] Loaded TOPMed: 16488576 rows x 11 cols
    TOPMED: matched=16681139, same=7354899, swapped=9306844, incompatible=19396, unmatched=13052833
  [+1722.5s] Merged TOPMed
  Loaded Thai from cohort_sumstats/Thai_chrALL_MAF0p1pct_hg38.tsv: 6453314 rows x 14 cols
  [+1739.2s] Loaded Thai: 6453314 rows x 11 cols
    THAI: matched=6500284, same=3007937, swapped=3489542, incompatible=2805, unmatched=23233688
  [+1849.8s] Merged Thai
[+1850.1s] [5/6] Post-merge filtering and summary...
  [+1856.9s] Filtered significant SNPs: 29733972 -> 1913
  [+1857.0s] Filtered SNPs with non-single-nucleotide alleles: 1913 -> 1908
[+1857.1s] Done. Supplementary Table 3 written: 1908 SNPs
  [+1857.2s] Filtered SNPs with missing MAMA data: 1908 -> 765
Chromosome 2: 216 SNPs
Chromosome 6: 428 SNPs
Chromosome 11: 33 SNPs
Chromosome 17: 25 SNPs
Chromosome 19: 63 SNPs
Overall: 765 SNPs
[+1857.2s] [6/6] Writing output file...
[+1857.3s] Done. Supplementary Table 3 written: 765 SNPs
